// Jest Snapshot v1, https://goo.gl/fbAQLP

exports[`component.vue renders expected snapshots 1`] = `<div class="a b c d e f"></div>`;

exports[`component.vue renders expected snapshots 2`] = `<div class="a g c d e f"></div>`;

exports[`component.vue renders expected snapshots 3`] = `<div class="a g c d e f h"></div>`;

exports[`component.vue renders expected snapshots 4`] = `<div class="i g c d j k h"></div>`;

exports[`component.vue renders expected snapshots 5`] = `<div class="l g c m j k h"></div>`;
