// Jest Snapshot v1, https://goo.gl/fbAQLP

exports[`mapRules(rule, optMap, optProps) optMap = ["border"] renders expected snapshots from optProps 1`] = `<div class="a b c"></div>`;

exports[`mapRules(rule, optMap, optProps) optMap = ["border"] renders expected snapshots from propsData 1`] = `<div class="a b c"></div>`;

exports[`mapRules(rule, optMap, optProps) optMap = {"borderAlias":"border"} renders expected snapshots from optProps 1`] = `<div class="a b c"></div>`;

exports[`mapRules(rule, optMap, optProps) optMap = {"borderAlias":"border"} renders expected snapshots from propsData 1`] = `<div class="a b c"></div>`;

exports[`mapRules(rule, optMap, optProps) optMap = undefined renders expected snapshots from optProps 1`] = `<div class="a b c d e f"></div>`;

exports[`mapRules(rule, optMap, optProps) optMap = undefined renders expected snapshots from propsData 1`] = `<div class="a b c d e f"></div>`;
