// Jest Snapshot v1, https://goo.gl/fbAQLP

exports[`mapRule(rule, optProps) renders expected snapshots from optProps 1`] = `<div class="a b c"></div>`;

exports[`mapRule(rule, optProps) renders expected snapshots from optProps 2`] = `<div class="d e c"></div>`;

exports[`mapRule(rule, optProps) renders expected snapshots from propsData 1`] = `<div class="a b c"></div>`;

exports[`mapRule(rule, optProps) renders expected snapshots from propsData 2`] = `<div class="a d c"></div>`;

exports[`mapRule(rule, optProps) renders expected snapshots from propsData 3`] = `<div class="e d c"></div>`;

exports[`mapRule(rule, optProps) renders expected snapshots from propsData 4`] = `<div class="f d c"></div>`;
