// Jest Snapshot v1, https://goo.gl/fbAQLP

exports[`Plugin throws error if a renderer is not passed as an option 1`] = `"[vue-fela] requires a renderer option"`;

exports[`Plugin throws error when install is called more than once 1`] = `"[vue-fela] already installed. Vue.use(VueFela) should only be called once."`;
